// Jest Snapshot v1, https://goo.gl/fbAQLP

exports[`Prueba componente CountryApp Debe traer la foto del componente 1`] = `
<Fragment>
  <h1>
    Countries App
  </h1>
  <hr />
  <FormCountry
    handleSave={[Function]}
  />
  <table
    className="table mt-3"
  >
    <thead>
      <tr>
        <th>
          #
        </th>
        <th>
          Nombre
        </th>
        <th>
          NÃºmero habitantes
        </th>
      </tr>
    </thead>
    <tbody />
  </table>
</Fragment>
`;
